<head>

    <link rel="stylesheet" href="a1.css_a2.css">
    <!--[if !IE]>-->
    <link rel="stylesheet" href="b.css">
    <!--<![endif]-->
    <link rel="stylesheet" href="c1_c2">

</head>
<body>
  <img src="d.jpg">
  <img src="e.png">

  <script src="f1.js_f2.js"></script>

  <link rel="stylesheet" href="g.css">

  <span class="random-element" />

  <link rel="stylesheet" href="h1.css_h2.css">

  text node

  <link rel="stylesheet" href="j1.css_j2.css_j3.css_j4.css">

  <!-- <link rel=stylesheet href="not-me.css"> -->

  <!--[if lt IE 9]>
    <script src="k1.js_k2.js"></script>
    <link rel="stylesheet" href="l1.css_l2.css">
  <![endif]-->

  <!--[if lt IE 9]><script src="m.js"></script><![endif]-->

  <script src="n.js"></script>

  <!--[if lt IE 8]>
    fix ap
  <![endif]-->

  ¯\_(⊙︿⊙)_/¯

  <link rel="stylesheet" href="o.css_p.css">
  <link rel="import" href="q.html">
  <link rel="stylesheet" href="r.css">

</body>
